// Jest Snapshot v1, https://goo.gl/fbAQLP

exports[`Header组件 header 样式发生改变，做提示 1`] = `
<div class="header">
  <div class="header-content"><input type="text" data-test="input" placeholder="add todo"></div>
</div>
`;
